[[2, 2],
 [4, 6]]
[[3.3, 7.8, 9.6],
 [14.7, 2.1, 15]]
