[[2, 4],
 [6, 8]]
[[2, 4],
 [6, 8]]
[[0.5, 0.25],
 [0.125, 0.0625]]
[[1, 1],
 [0, 0]]
[[0, 0.2],
 [0, 0.1]]
