17
{|function at 0x400b3f, function at 0x4009e0|}
