[[4, 6],
 [8, 3]]
[[4.3, 6.8, 6.8],
 [6.6, 11.5, 5.6]]
[[2, 4],
 [4, 6]]
