[[1, 8, 2, 5],
 [3, 9, 4, 4],
 [5, 10, 6, 2]]
[[1.5, 2.1, 8.5, -0.5],
 [3.15, 4.1, 9.5, 4.1],
 [5.3, 6, 10.5, 2.1]]
