[[1, 2],
 [7, 8],
 [3, 4],
 [5, 6]]
[[3, 4],
 [5, 6]]
[[1, 2],
 [3, 4],
 [5, 6],
 [9, 10]]
