[[1, 3, 5],
 [2, 4, 6]]
[[1.5, 1],
 [4.5, -4.2],
 [4.2, 5.3],
 [3.1, 6.1]]
