Hello!
5
[[5, 2],
 [3, 4]]
[[3, 4],
 [5, 6]]
4
{|4, 2, 3|}
{|4, 4, 5|}
