built-in function print
function at 0x4008f0
{|function at 0x4008f0, function at 0x4008f0|}
{|function at 0x400c0c, function at 0x400900|}
Hello!
6
My name is Alex
