[[1, 2, 5, 8],
 [3, 4, 4, 9],
 [5, 6, 2, 10]]
[[1.5, 2.1, -0.5, 8.5],
 [3.15, 4.1, 4.1, 9.5],
 [5.3, 6, 2.1, 10.5]]