[[1, 2, 10, 20, 50, 2],
 [3, 4, 30, 40, 40, 1],
 [5, 6, 50, 60, 20, 3]]
[[1.1, 2.3, 10.13, -20.5, 50.1, 2.1],
 [3.1, 4, 30.9, 40.8, 40.8, 1.1],
 [5.2, 6, 50.1, 60.2, 20.4, 3]]
[[1, 2],
 [3, 4],
 [5, 6],
 [10, 20],
 [50, 2],
 [30, 40],
 [40, 1],
 [50, 60],
 [20, 3]]
[[1.1, 2.4, 3.1],
 [4.3, 5, 6.1],
 [10.1, 20.3, 50.2]]