Hello
World!
{|World!|}
{|1, 2|}
{|{|1|}, {|2|}|}
{|[[1], [2]], [[3], [4]]|}
True
