[[13, 16, 19, 22, 25],
 [27, 34, 41, 48, 55],
 [41, 52, 63, 74, 85]]
[[11.44, 20.32, 17.1],
 [-26.84, 9.45, 15.25]]
