[[2, 5],
 [4, 4],
 [6, 2]]
[[1.5, 1],
 [3.1, 2],
 [5.5, 3]]
